-
    id: '1'
    interests: '["interest-1", "interest-2"]'
    languages: '{"de": "en_DE", "en": "en_EN"}'
