- interest-middleware-1
- 'TWO more data from SecondMiddleware'
- 'one more data from FirstMiddleware'
- 'Manual text from BookModelWithMiddlewares'
- 'Data Added in LoadMiddleware'
